[0m01:28:12.497511 [debug] [MainThread]: Sending event: {'category': 'dbt', 'action': 'invocation', 'label': 'start', 'context': [<snowplow_tracker.self_describing_json.SelfDescribingJson object at 0x10c808040>, <snowplow_tracker.self_describing_json.SelfDescribingJson object at 0x10d89a1f0>, <snowplow_tracker.self_describing_json.SelfDescribingJson object at 0x10d89a520>]}


============================== 01:28:12.500932 | f277f996-e77f-4b1d-8d78-dd9f2e7c7555 ==============================
[0m01:28:12.500932 [info ] [MainThread]: Running with dbt=1.10.22
[0m01:28:12.501256 [debug] [MainThread]: running dbt with arguments {'warn_error': 'None', 'log_format': 'default', 'send_anonymous_usage_stats': 'True', 'static_parser': 'True', 'cache_selected_only': 'False', 'empty': 'False', 'use_experimental_parser': 'False', 'no_print': 'None', 'partial_parse': 'True', 'use_colors': 'True', 'warn_error_options': 'WarnErrorOptionsV2(error=[], warn=[], silence=[])', 'indirect_selection': 'eager', 'write_json': 'True', 'version_check': 'True', 'invocation_command': 'dbt run --select hybrid', 'log_cache_events': 'False', 'introspect': 'True', 'quiet': 'False', 'debug': 'False', 'target_path': 'None', 'fail_fast': 'False', 'profiles_dir': '/Users/lpurwito/.dbt', 'printer_width': '80', 'log_path': 'logs'}
[0m01:28:12.501605 [error] [MainThread]: Encountered an error:
Runtime Error
  No dbt_project.yml found at expected path /Users/lpurwito/Documents/personal/etl-elt-performance-benchmark/dbt_project.yml
  Verify that each entry within packages.yml (and their transitive dependencies) contains a file named dbt_project.yml
  
[0m01:28:12.504127 [debug] [MainThread]: Resource report: {"command_name": "run", "command_success": false, "command_wall_clock_time": 0.058773875, "process_in_blocks": "0", "process_kernel_time": 0.183901, "process_mem_max_rss": "99975168", "process_out_blocks": "0", "process_user_time": 0.696845}
[0m01:28:12.504377 [debug] [MainThread]: Command `dbt run` failed at 01:28:12.504332 after 0.06 seconds
[0m01:28:12.504567 [debug] [MainThread]: Sending event: {'category': 'dbt', 'action': 'invocation', 'label': 'end', 'context': [<snowplow_tracker.self_describing_json.SelfDescribingJson object at 0x10c808040>, <snowplow_tracker.self_describing_json.SelfDescribingJson object at 0x10d844ac0>, <snowplow_tracker.self_describing_json.SelfDescribingJson object at 0x10d89a520>]}
[0m01:28:12.504765 [debug] [MainThread]: Flushing usage events
[0m01:28:13.801418 [debug] [MainThread]: An error was encountered while trying to flush usage events
[0m23:47:24.911744 [debug] [MainThread]: Sending event: {'category': 'dbt', 'action': 'invocation', 'label': 'start', 'context': [<snowplow_tracker.self_describing_json.SelfDescribingJson object at 0x10a0a4e80>, <snowplow_tracker.self_describing_json.SelfDescribingJson object at 0x10b13d1c0>, <snowplow_tracker.self_describing_json.SelfDescribingJson object at 0x10b13d4f0>]}


============================== 23:47:24.918429 | e265ba26-58e7-4e77-b635-e91213addd84 ==============================
[0m23:47:24.918429 [info ] [MainThread]: Running with dbt=1.10.22
[0m23:47:24.918849 [debug] [MainThread]: running dbt with arguments {'warn_error': 'None', 'invocation_command': 'dbt run --select hybrid', 'log_cache_events': 'False', 'partial_parse': 'True', 'log_format': 'default', 'introspect': 'True', 'log_path': 'logs', 'static_parser': 'True', 'fail_fast': 'False', 'empty': 'False', 'debug': 'False', 'quiet': 'False', 'write_json': 'True', 'target_path': 'None', 'indirect_selection': 'eager', 'profiles_dir': '/Users/lpurwito/.dbt', 'no_print': 'None', 'printer_width': '80', 'cache_selected_only': 'False', 'use_experimental_parser': 'False', 'send_anonymous_usage_stats': 'True', 'use_colors': 'True', 'version_check': 'True', 'warn_error_options': 'WarnErrorOptionsV2(error=[], warn=[], silence=[])'}
[0m23:47:24.919272 [error] [MainThread]: Encountered an error:
Runtime Error
  No dbt_project.yml found at expected path /Users/lpurwito/Documents/personal/etl-elt-performance-benchmark/dbt_project.yml
  Verify that each entry within packages.yml (and their transitive dependencies) contains a file named dbt_project.yml
  
[0m23:47:24.926122 [debug] [MainThread]: Resource report: {"command_name": "run", "command_success": false, "command_wall_clock_time": 0.13506334, "process_in_blocks": "0", "process_kernel_time": 0.965559, "process_mem_max_rss": "100171776", "process_out_blocks": "0", "process_user_time": 1.861884}
[0m23:47:24.926480 [debug] [MainThread]: Command `dbt run` failed at 23:47:24.926407 after 0.14 seconds
[0m23:47:24.926756 [debug] [MainThread]: Sending event: {'category': 'dbt', 'action': 'invocation', 'label': 'end', 'context': [<snowplow_tracker.self_describing_json.SelfDescribingJson object at 0x10a0a4e80>, <snowplow_tracker.self_describing_json.SelfDescribingJson object at 0x10b0edc70>, <snowplow_tracker.self_describing_json.SelfDescribingJson object at 0x10b13d310>]}
[0m23:47:24.927033 [debug] [MainThread]: Flushing usage events
[0m23:47:26.265113 [debug] [MainThread]: An error was encountered while trying to flush usage events
