/Users/lpurwito/Documents/personal/etl-elt-performance-benchmark/.venv/lib/python3.9/site-packages/urllib3/__init__.py:35: NotOpenSSLWarning: urllib3 v2 only supports OpenSSL 1.1.1+, currently the 'ssl' module is compiled with 'LibreSSL 2.8.3'. See: https://github.com/urllib3/urllib3/issues/3020
  warnings.warn(
[0m18:23:35  Running with dbt=1.10.22
[0m18:23:35  dbt version: 1.10.22
[0m18:23:35  python version: 3.9.6
[0m18:23:35  python path: /Users/lpurwito/Documents/personal/etl-elt-performance-benchmark/.venv/bin/python3
[0m18:23:35  os info: macOS-26.5.1-arm64-arm-64bit
[0m18:23:36  Using profiles dir at /Users/lpurwito/.dbt
[0m18:23:36  Using profiles.yml file at /Users/lpurwito/.dbt/profiles.yml
[0m18:23:36  Using dbt_project.yml file at /Users/lpurwito/Documents/personal/etl-elt-performance-benchmark/dbt_transform/dbt_project.yml
[0m18:23:36  adapter type: postgres
[0m18:23:36  adapter version: 1.9.1
[0m18:23:36  Configuration:
[0m18:23:36    profiles.yml file [[32mOK found and valid[0m]
[0m18:23:36    dbt_project.yml file [[32mOK found and valid[0m]
[0m18:23:36  Required dependencies:
[0m18:23:36   - git [[32mOK found[0m]

[0m18:23:36  Connection:
[0m18:23:36    host: 127.0.0.1
[0m18:23:36    port: 5432
[0m18:23:36    user: lpurwito
[0m18:23:36    database: tpch_dw
[0m18:23:36    schema: result
[0m18:23:36    connect_timeout: 10
[0m18:23:36    role: None
[0m18:23:36    search_path: None
[0m18:23:36    keepalives_idle: 0
[0m18:23:36    sslmode: None
[0m18:23:36    sslcert: None
[0m18:23:36    sslkey: None
[0m18:23:36    sslrootcert: None
[0m18:23:36    application_name: dbt
[0m18:23:36    retries: 1
[0m18:23:36  Registered adapter: postgres=1.9.1
[0m18:23:37    Connection test: [[32mOK connection ok[0m]

[0m18:23:37  [32mAll checks passed![0m
