/Users/lpurwito/Documents/personal/etl-elt-performance-benchmark/.venv/lib/python3.9/site-packages/urllib3/__init__.py:35: NotOpenSSLWarning: urllib3 v2 only supports OpenSSL 1.1.1+, currently the 'ssl' module is compiled with 'LibreSSL 2.8.3'. See: https://github.com/urllib3/urllib3/issues/3020
  warnings.warn(
[0m16:52:32  Running with dbt=1.10.22
[0m16:52:32  Registered adapter: postgres=1.9.1
[0m16:52:32  Unable to do partial parsing because saved manifest not found. Starting full parse.
[0m16:52:33  Found 14 models, 14 sources, 447 macros
[0m16:52:33  
[0m16:52:33  Concurrency: 4 threads (target='dev')
[0m16:52:33  
[0m16:52:34  1 of 7 START sql view model result.stg_elt_lineitem ............................ [RUN]
[0m16:52:34  2 of 7 START sql view model result.stg_elt_nation .............................. [RUN]
[0m16:52:34  3 of 7 START sql view model result.stg_elt_orders .............................. [RUN]
[0m16:52:34  4 of 7 START sql view model result.stg_elt_part ................................ [RUN]
[0m16:52:34  1 of 7 OK created sql view model result.stg_elt_lineitem ....................... [[32mCREATE VIEW[0m in 0.23s]
[0m16:52:34  4 of 7 OK created sql view model result.stg_elt_part ........................... [[32mCREATE VIEW[0m in 0.23s]
[0m16:52:34  3 of 7 OK created sql view model result.stg_elt_orders ......................... [[32mCREATE VIEW[0m in 0.23s]
[0m16:52:34  2 of 7 OK created sql view model result.stg_elt_nation ......................... [[32mCREATE VIEW[0m in 0.23s]
[0m16:52:34  5 of 7 START sql view model result.stg_elt_partsupp ............................ [RUN]
[0m16:52:34  6 of 7 START sql view model result.stg_elt_supplier ............................ [RUN]
[0m16:52:34  6 of 7 OK created sql view model result.stg_elt_supplier ....................... [[32mCREATE VIEW[0m in 0.06s]
[0m16:52:34  5 of 7 OK created sql view model result.stg_elt_partsupp ....................... [[32mCREATE VIEW[0m in 0.06s]
[0m16:52:34  7 of 7 START sql table model result_elt.mart_elt_query9 ........................ [RUN]
[0m16:55:05  7 of 7 OK created sql table model result_elt.mart_elt_query9 ................... [[32mSELECT 175[0m in 151.41s]
[0m16:55:06  
[0m16:55:06  Finished running 1 table model, 6 view models in 0 hours 2 minutes and 32.69 seconds (152.69s).
[0m16:55:06  
[0m16:55:06  [32mCompleted successfully[0m
[0m16:55:06  
[0m16:55:06  Done. PASS=7 WARN=0 ERROR=0 SKIP=0 NO-OP=0 TOTAL=7
