/Users/lpurwito/Documents/personal/etl-elt-performance-benchmark/.venv/lib/python3.9/site-packages/urllib3/__init__.py:35: NotOpenSSLWarning: urllib3 v2 only supports OpenSSL 1.1.1+, currently the 'ssl' module is compiled with 'LibreSSL 2.8.3'. See: https://github.com/urllib3/urllib3/issues/3020
  warnings.warn(
[0m18:43:34  Running with dbt=1.10.22
[0m18:43:34  Registered adapter: postgres=1.9.1
[0m18:43:34  Found 14 models, 14 sources, 447 macros
[0m18:43:34  
[0m18:43:34  Concurrency: 4 threads (target='dev')
[0m18:43:34  
[0m18:43:35  1 of 7 START sql view model result.stg_hybrid_lineitem ......................... [RUN]
[0m18:43:35  2 of 7 START sql view model result.stg_hybrid_nation ........................... [RUN]
[0m18:43:35  3 of 7 START sql view model result.stg_hybrid_orders ........................... [RUN]
[0m18:43:35  4 of 7 START sql view model result.stg_hybrid_part ............................. [RUN]
[0m18:43:35  3 of 7 OK created sql view model result.stg_hybrid_orders ...................... [[32mCREATE VIEW[0m in 0.23s]
[0m18:43:35  1 of 7 OK created sql view model result.stg_hybrid_lineitem .................... [[32mCREATE VIEW[0m in 0.23s]
[0m18:43:35  4 of 7 OK created sql view model result.stg_hybrid_part ........................ [[32mCREATE VIEW[0m in 0.23s]
[0m18:43:35  5 of 7 START sql view model result.stg_hybrid_partsupp ......................... [RUN]
[0m18:43:35  6 of 7 START sql view model result.stg_hybrid_supplier ......................... [RUN]
[0m18:43:35  2 of 7 OK created sql view model result.stg_hybrid_nation ...................... [[32mCREATE VIEW[0m in 0.24s]
[0m18:43:35  6 of 7 OK created sql view model result.stg_hybrid_supplier .................... [[32mCREATE VIEW[0m in 0.05s]
[0m18:43:35  5 of 7 OK created sql view model result.stg_hybrid_partsupp .................... [[32mCREATE VIEW[0m in 0.05s]
[0m18:43:35  7 of 7 START sql table model result_hybrid.mart_hybrid_query9 .................. [RUN]
[0m18:45:27  7 of 7 OK created sql table model result_hybrid.mart_hybrid_query9 ............. [[32mSELECT 175[0m in 111.28s]
[0m18:45:27  
[0m18:45:27  Finished running 1 table model, 6 view models in 0 hours 1 minutes and 52.30 seconds (112.30s).
[0m18:45:27  
[0m18:45:27  [32mCompleted successfully[0m
[0m18:45:27  
[0m18:45:27  Done. PASS=7 WARN=0 ERROR=0 SKIP=0 NO-OP=0 TOTAL=7
