/Users/lpurwito/Documents/personal/etl-elt-performance-benchmark/.venv/lib/python3.9/site-packages/urllib3/__init__.py:35: NotOpenSSLWarning: urllib3 v2 only supports OpenSSL 1.1.1+, currently the 'ssl' module is compiled with 'LibreSSL 2.8.3'. See: https://github.com/urllib3/urllib3/issues/3020
  warnings.warn(
[0m16:26:15  Running with dbt=1.10.22
[0m16:26:15  Registered adapter: postgres=1.9.1
[0m16:26:15  Unable to do partial parsing because saved manifest not found. Starting full parse.
[0m16:26:16  Found 14 models, 14 sources, 447 macros
[0m16:26:16  
[0m16:26:16  Concurrency: 4 threads (target='dev')
[0m16:26:16  
[0m16:26:16  1 of 7 START sql view model result.stg_hybrid_lineitem ......................... [RUN]
[0m16:26:16  2 of 7 START sql view model result.stg_hybrid_nation ........................... [RUN]
[0m16:26:16  3 of 7 START sql view model result.stg_hybrid_orders ........................... [RUN]
[0m16:26:16  4 of 7 START sql view model result.stg_hybrid_part ............................. [RUN]
[0m16:26:16  1 of 7 OK created sql view model result.stg_hybrid_lineitem .................... [[32mCREATE VIEW[0m in 0.14s]
[0m16:26:16  4 of 7 OK created sql view model result.stg_hybrid_part ........................ [[32mCREATE VIEW[0m in 0.14s]
[0m16:26:16  2 of 7 OK created sql view model result.stg_hybrid_nation ...................... [[32mCREATE VIEW[0m in 0.14s]
[0m16:26:16  3 of 7 OK created sql view model result.stg_hybrid_orders ...................... [[32mCREATE VIEW[0m in 0.14s]
[0m16:26:16  5 of 7 START sql view model result.stg_hybrid_partsupp ......................... [RUN]
[0m16:26:16  6 of 7 START sql view model result.stg_hybrid_supplier ......................... [RUN]
[0m16:26:16  5 of 7 OK created sql view model result.stg_hybrid_partsupp .................... [[32mCREATE VIEW[0m in 0.05s]
[0m16:26:16  6 of 7 OK created sql view model result.stg_hybrid_supplier .................... [[32mCREATE VIEW[0m in 0.05s]
[0m16:26:16  7 of 7 START sql table model result_hybrid.mart_hybrid_query9 .................. [RUN]
[0m16:27:05  7 of 7 OK created sql table model result_hybrid.mart_hybrid_query9 ............. [[32mSELECT 175[0m in 48.73s]
[0m16:27:05  
[0m16:27:05  Finished running 1 table model, 6 view models in 0 hours 0 minutes and 49.36 seconds (49.36s).
[0m16:27:05  
[0m16:27:05  [32mCompleted successfully[0m
[0m16:27:05  
[0m16:27:05  Done. PASS=7 WARN=0 ERROR=0 SKIP=0 NO-OP=0 TOTAL=7
